// Jest Snapshot v1, https://goo.gl/fbAQLP

exports[`CountdownRestService getTrolley 1`] = `
Object {
  "context": Object {
    "advancedSettingsResponse": Object {
      "allowBannerRotation": true,
      "itemLevelSubstitution": true,
      "showHaveYouForgotten": true,
    },
    "basketTotals": Object {
      "bagFees": "$1.00",
      "deliveryFees": "$14.00",
      "eligibilityForDeliverySubscriptionDiscount": "NoSubscription",
      "savings": null,
      "subtotal": "$0.00",
      "totalIncludingDeliveryFees": "$14.00",
      "totalItems": 0,
    },
    "enabledFeatures": Array [
      "HaveYouForgotten",
      "ProjectShore",
      "ManagedServiceBar",
      "RecipesAddToTrolley",
      "SavedRecipes",
      "PiesEnableEachUnitForKgProducts",
      "ProductStraps",
      "DeliverySubscriptionSignUp",
      "FirstTimeShopper",
      "OrderConfirmation",
      "NewDeliverySubscriptionPage",
      "CancelOrder",
      "CountryOfOriginInAccordion",
      "ForgotPassword",
      "LazyLoadProductStampImages",
      "JQueryDeprecationLogging",
      "Optimizely",
      "ExpressDelivery",
      "ShowThatACardIsLinkedToDeliverySaver",
      "DeliverySaverBannerOnTrolleyPage",
    ],
    "fulfilment": Object {
      "address": "32 Raurenga Avenue, Royal Oak, Auckland 1023",
      "areaId": 592,
      "cutOffTime": null,
      "endTime": null,
      "expressFulfilment": Object {
        "isExpressSlot": false,
        "isLastExpressHourWindow": false,
      },
      "fulfilmentStoreId": 9538,
      "isAddressInDeliveryZone": true,
      "isDefaultDeliveryAddress": false,
      "isSlotToday": false,
      "locker": null,
      "method": "Courier",
      "perishableCode": "P",
      "selectedDate": null,
      "selectedDateWithTZInfo": null,
      "startTime": null,
    },
    "shopper": Object {
      "changingOrderId": null,
      "firstName": "Count",
      "hasActiveDeliverySubscription": false,
      "hasOnecard": false,
      "isChangingOrder": false,
      "isLoggedIn": true,
      "isPriorityShopper": false,
      "isShopper": true,
      "isSupplyLimitOverrideShopper": false,
      "oneCardBalance": Object {
        "continuitySpend": null,
        "isOneCardInError": true,
        "oneCardCurrency": "Food",
        "oneCardNumber": "",
        "onecardPointsBalance": null,
        "redeemableRewardVouchers": 0,
      },
      "orderCount": "0",
      "sessionGroups": Array [
        158,
        1961,
        1302,
        1445,
        1586,
      ],
      "shopperIdHash": "1801841f94089f01d33468e9d097f0839914c4f2753fc355398687cca595dc8b",
      "shopperScvId": "55b9e5fd-5805-4069-967b-c73deefaea84",
    },
    "shoppingListItems": Array [],
  },
  "isSuccessful": true,
  "itemCount": 0,
  "items": Array [],
  "messages": Array [],
  "rootUrl": "http://shop.countdown.co.nz",
}
`;
