// Jest Snapshot v1, https://goo.gl/fbAQLP

exports[`FoodstuffsCartService snapshot tests addProductsToCart 1`] = `
Object {
  "allowSubstitutions": true,
  "bagFee": 100,
  "orderNumber": 0,
  "products": Array [
    Object {
      "badgeImageUrl": "/assets/images/PNS/Everyday_Low.svg",
      "catalogPrice": 0,
      "categoryName": "Fruit & Vegetables",
      "hasBadge": true,
      "imageUrl": "https://a.fsimg.co.nz/product/retail/fan/image/100x100/5039965.png",
      "liquor": false,
      "name": "Carrots",
      "originStatement": "Product of New Zealand",
      "price": 0,
      "productId": "5039965-KGM-000",
      "promoBadgeImageTitle": "Everyday Low",
      "promotionCode": "",
      "quantity": 500,
      "restricted": false,
      "saleTypes": Array [
        Object {
          "minUnit": 200,
          "stepSize": 100,
          "type": "WEIGHT",
          "unit": "g",
        },
      ],
      "sale_type": "WEIGHT",
      "tobacco": false,
      "uom": "g",
      "weightDisplayName": "kg",
    },
    Object {
      "badgeImageUrl": "/assets/images/PNS/Everyday_Low.svg",
      "brand": "Value",
      "catalogPrice": 0,
      "categoryName": "Dairy & Eggs",
      "hasBadge": true,
      "imageUrl": "https://a.fsimg.co.nz/product/retail/fan/image/100x100/5201479.png",
      "liquor": false,
      "name": "Standard Milk",
      "price": 0,
      "productId": "5201479-EA-000",
      "promoBadgeImageTitle": "Everyday Low",
      "promotionCode": "",
      "quantity": 1,
      "restricted": false,
      "saleTypes": Array [
        Object {
          "minUnit": 1,
          "stepSize": 1,
          "type": "UNITS",
          "unit": "ea",
        },
      ],
      "sale_type": "UNITS",
      "tobacco": false,
      "weightDisplayName": "2l",
    },
  ],
  "promoCodeDiscount": 0,
  "saving": 0,
  "serviceFee": 0,
  "store": Object {
    "storeAddress": "691 Manukau Road, Royal Oak, Auckland, 1023",
    "storeId": "e1925ea7-01bc-4358-ae7c-c6502da5ab12",
    "storeName": "PAK'nSAVE Royal Oak",
    "storeRegion": "NI",
  },
  "subtotal": 516,
  "unavailableProducts": Array [],
  "wasRepriced": false,
}
`;

exports[`FoodstuffsCartService snapshot tests getCart 1`] = `
Object {
  "allowSubstitutions": true,
  "bagFee": 100,
  "orderNumber": 0,
  "products": Array [
    Object {
      "badgeImageUrl": "/assets/images/PNS/Everyday_Low.svg",
      "catalogPrice": 0,
      "categoryName": "Fruit & Vegetables",
      "hasBadge": true,
      "imageUrl": "https://a.fsimg.co.nz/product/retail/fan/image/100x100/5039965.png",
      "liquor": false,
      "name": "Carrots",
      "originStatement": "Product of New Zealand",
      "price": 0,
      "productId": "5039965-KGM-000",
      "promoBadgeImageTitle": "Everyday Low",
      "promotionCode": "",
      "quantity": 500,
      "restricted": false,
      "saleTypes": Array [
        Object {
          "minUnit": 200,
          "stepSize": 100,
          "type": "WEIGHT",
          "unit": "g",
        },
      ],
      "sale_type": "WEIGHT",
      "tobacco": false,
      "uom": "g",
      "weightDisplayName": "kg",
    },
    Object {
      "badgeImageUrl": "/assets/images/PNS/Everyday_Low.svg",
      "brand": "Value",
      "catalogPrice": 0,
      "categoryName": "Dairy & Eggs",
      "hasBadge": true,
      "imageUrl": "https://a.fsimg.co.nz/product/retail/fan/image/100x100/5201479.png",
      "liquor": false,
      "name": "Standard Milk",
      "price": 0,
      "productId": "5201479-EA-000",
      "promoBadgeImageTitle": "Everyday Low",
      "promotionCode": "",
      "quantity": 1,
      "restricted": false,
      "saleTypes": Array [
        Object {
          "minUnit": 1,
          "stepSize": 1,
          "type": "UNITS",
          "unit": "ea",
        },
      ],
      "sale_type": "UNITS",
      "tobacco": false,
      "weightDisplayName": "2l",
    },
  ],
  "promoCodeDiscount": 0,
  "saving": 0,
  "serviceFee": 0,
  "store": Object {
    "storeAddress": "691 Manukau Road, Royal Oak, Auckland, 1023",
    "storeId": "e1925ea7-01bc-4358-ae7c-c6502da5ab12",
    "storeName": "PAK'nSAVE Royal Oak",
    "storeRegion": "NI",
  },
  "subtotal": 516,
  "unavailableProducts": Array [],
  "wasRepriced": false,
}
`;
